// Jest Snapshot v1, https://goo.gl/fbAQLP

exports[`matches snapshot 1`] = `
<DocumentFragment>
  <div
    class="Box"
    id="1"
    style="width: 50px; height: 50px; border: 2px solid black; background-color: red;"
  >
    <button>
      X
    </button>
  </div>
</DocumentFragment>
`;
