// Jest Snapshot v1, https://goo.gl/fbAQLP

exports[`matches snapshot 1`] = `
<DocumentFragment>
  <div>
    <h1>
      Box Maker
    </h1>
    <form>
      <label
        for="height"
      >
        Height: 250
      </label>
      <input
        id="height"
        max="500"
        min="25"
        name="height"
        placeholder="Box Height"
        step="50"
        type="range"
        value="250"
      />
      <label
        for="width"
      >
        Width:250
      </label>
      <input
        id="width"
        max="500"
        min="25"
        name="width"
        step="50"
        type="range"
        value="250"
      />
      <label
        for="backgroundColor"
      >
        Color:green
      </label>
      <input
        id="backgroundColor"
        name="backgroundColor"
        type="text"
        value="green"
      />
      <button>
        Add Box
      </button>
    </form>
    <div
      class="BoxList"
    >
      <div
        id="b5f53953-5bf9-428b-9f00-dadf47d3d0e2"
        style="width: 250px; height: 250px; border: 2px solid black; background-color: red;"
      >
        <button>
          X
        </button>
      </div>
      <div
        id="788f5553-2fda-4d36-94c8-19f25a0bc519"
        style="width: 350px; height: 150px; border: 2px solid black; background-color: orange;"
      >
        <button>
          X
        </button>
      </div>
      <div
        id="9f41cf58-88e9-4d10-8aa9-a3bae5317a06"
        style="width: 150px; height: 350px; border: 2px solid black; background-color: green;"
      >
        <button>
          X
        </button>
      </div>
    </div>
  </div>
</DocumentFragment>
`;
